The field "cli.appVersionSource" is not set, but it will be required in the future. Learn more: https://docs.expo.dev/build-reference/app-versions/
Resolved "development" environment for the build. Learn more: https://docs.expo.dev/eas/environment-variables/#setting-the-environment-for-your-builds
No environment variables with visibility "Plain text" and "Sensitive" found for the "development" environment on EAS.

Specified value for "ios.bundleIdentifier" in app.json is ignored because an ios directory was detected in the project.
EAS Build will use the value found in the native code.
The field "cli.appVersionSource" is not set, but it will be required in the future. Learn more: https://docs.expo.dev/build-reference/app-versions/
✔ Using remote iOS credentials (Expo server)

Failed to set up credentials.
You're in non-interactive mode. EAS CLI couldn't find any credentials suitable for internal distribution. Run this command again in interactive mode.
    Error: build command failed.
